../Common/Src/gyro.c:19:6:Gyro_Init	16	static
../Common/Src/gyro.c:31:9:Gyro_CanReadWHOAMI	24	static
../Common/Src/gyro.c:40:6:Gyro_Write	24	static
../Common/Src/gyro.c:47:9:Gyro_Read	32	static
../Common/Src/gyro.c:56:6:CS_START	8	static
../Common/Src/gyro.c:60:6:CS_END	8	static
../Common/Src/gyro.c:64:9:Gyro_HasData	8	static
../Common/Src/gyro.c:72:6:Gyro_ReadXYZ	40	static
../Common/Src/gyro.c:83:6:Gyro_handleInt2IRQ	8	static
../Common/Src/gyro.c:88:6:HAL_SPI_TxRxCpltCallback	24	static,ignoring_inline_asm
../Common/Src/gyro.c:101:5:Gyro_rtosGet	24	static
